// Jest Snapshot v1, https://goo.gl/fbAQLP

exports[`Calculator should match snapshot 1`] = `ShallowWrapper {}`;
